
                                 *****************
                                 * O   R   C   A *
                                 *****************

                                            #,                                       
                                            ###                                      
                                            ####                                     
                                            #####                                    
                                            ######                                   
                                           ########,                                 
                                     ,,################,,,,,                         
                               ,,#################################,,                 
                          ,,##########################################,,             
                       ,#########################################, ''#####,          
                    ,#############################################,,   '####,        
                  ,##################################################,,,,####,       
                ,###########''''           ''''###############################       
              ,#####''   ,,,,##########,,,,          '''####'''          '####       
            ,##' ,,,,###########################,,,                        '##       
           ' ,,###''''                  '''############,,,                           
         ,,##''                                '''############,,,,        ,,,,,,###''
      ,#''                                            '''#######################'''  
     '                                                          ''''####''''         
             ,#######,   #######,   ,#######,      ##                                
            ,#'     '#,  ##    ##  ,#'     '#,    #''#        ######   ,####,        
            ##       ##  ##   ,#'  ##            #'  '#       #        #'  '#        
            ##       ##  #######   ##           ,######,      #####,   #    #        
            '#,     ,#'  ##    ##  '#,     ,#' ,#      #,         ##   #,  ,#        
             '#######'   ##     ##  '#######'  #'      '#     #####' # '####'        



                  #######################################################
                  #                        -***-                        #
                  #          Department of theory and spectroscopy      #
                  #    Directorship and core code : Frank Neese         #
                  #        Max Planck Institute fuer Kohlenforschung    #
                  #                Kaiser Wilhelm Platz 1               #
                  #                 D-45470 Muelheim/Ruhr               #
                  #                      Germany                        #
                  #                                                     #
                  #                  All rights reserved                #
                  #                        -***-                        #
                  #######################################################


                         Program Version 5.0.4 -  RELEASE  -


 With contributions from (in alphabetic order):
   Daniel Aravena         : Magnetic Suceptibility
   Michael Atanasov       : Ab Initio Ligand Field Theory (pilot matlab implementation)
   Alexander A. Auer      : GIAO ZORA, VPT2 properties, NMR spectrum
   Ute Becker             : Parallelization
   Giovanni Bistoni       : ED, misc. LED, open-shell LED, HFLD
   Martin Brehm           : Molecular dynamics
   Dmytro Bykov           : SCF Hessian
   Vijay G. Chilkuri      : MRCI spin determinant printing, contributions to CSF-ICE
   Dipayan Datta          : RHF DLPNO-CCSD density
   Achintya Kumar Dutta   : EOM-CC, STEOM-CC
   Dmitry Ganyushin       : Spin-Orbit,Spin-Spin,Magnetic field MRCI
   Miquel Garcia          : C-PCM and meta-GGA Hessian, CC/C-PCM, Gaussian charge scheme
   Yang Guo               : DLPNO-NEVPT2, F12-NEVPT2, CIM, IAO-localization
   Andreas Hansen         : Spin unrestricted coupled pair/coupled cluster methods
   Benjamin Helmich-Paris : MC-RPA, TRAH-SCF, COSX integrals
   Lee Huntington         : MR-EOM, pCC
   Robert Izsak           : Overlap fitted RIJCOSX, COSX-SCS-MP3, EOM
   Marcus Kettner         : VPT2
   Christian Kollmar      : KDIIS, OOCD, Brueckner-CCSD(T), CCSD density, CASPT2, CASPT2-K
   Simone Kossmann        : Meta GGA functionals, TD-DFT gradient, OOMP2, MP2 Hessian
   Martin Krupicka        : Initial AUTO-CI
   Lucas Lang             : DCDCAS
   Marvin Lechner         : AUTO-CI (C++ implementation), FIC-MRCC
   Dagmar Lenk            : GEPOL surface, SMD
   Dimitrios Liakos       : Extrapolation schemes; Compound Job, initial MDCI parallelization
   Dimitrios Manganas     : Further ROCIS development; embedding schemes
   Dimitrios Pantazis     : SARC Basis sets
   Anastasios Papadopoulos: AUTO-CI, single reference methods and gradients
   Taras Petrenko         : DFT Hessian,TD-DFT gradient, ASA, ECA, R-Raman, ABS, FL, XAS/XES, NRVS
   Peter Pinski           : DLPNO-MP2, DLPNO-MP2 Gradient
   Christoph Reimann      : Effective Core Potentials
   Marius Retegan         : Local ZFS, SOC
   Christoph Riplinger    : Optimizer, TS searches, QM/MM, DLPNO-CCSD(T), (RO)-DLPNO pert. Triples
   Tobias Risthaus        : Range-separated hybrids, TD-DFT gradient, RPA, STAB
   Michael Roemelt        : Original ROCIS implementation
   Masaaki Saitow         : Open-shell DLPNO-CCSD energy and density
   Barbara Sandhoefer     : DKH picture change effects
   Avijit Sen             : IP-ROCIS
   Kantharuban Sivalingam : CASSCF convergence, NEVPT2, FIC-MRCI
   Bernardo de Souza      : ESD, SOC TD-DFT
   Georgi Stoychev        : AutoAux, RI-MP2 NMR, DLPNO-MP2 response
   Willem Van den Heuvel  : Paramagnetic NMR
   Boris Wezisla          : Elementary symmetry handling
   Frank Wennmohs         : Technical directorship


 We gratefully acknowledge several colleagues who have allowed us to
 interface, adapt or use parts of their codes:
   Stefan Grimme, W. Hujo, H. Kruse, P. Pracht,  : VdW corrections, initial TS optimization,
                  C. Bannwarth, S. Ehlert          DFT functionals, gCP, sTDA/sTD-DF
   Ed Valeev, F. Pavosevic, A. Kumar             : LibInt (2-el integral package), F12 methods
   Garnet Chan, S. Sharma, J. Yang, R. Olivares  : DMRG
   Ulf Ekstrom                                   : XCFun DFT Library
   Mihaly Kallay                                 : mrcc  (arbitrary order and MRCC methods)
   Jiri Pittner, Ondrej Demel                    : Mk-CCSD
   Frank Weinhold                                : gennbo (NPA and NBO analysis)
   Christopher J. Cramer and Donald G. Truhlar   : smd solvation model
   Lars Goerigk                                  : TD-DFT with DH, B97 family of functionals
   V. Asgeirsson, H. Jonsson                     : NEB implementation
   FAccTs GmbH                                   : IRC, NEB, NEB-TS, DLPNO-Multilevel, CI-OPT
                                                   MM, QMMM, 2- and 3-layer-ONIOM, Crystal-QMMM,
                                                   LR-CPCM, SF, NACMEs, symmetry and pop. for TD-DFT,
                                                   nearIR, NL-DFT gradient (VV10), updates on ESD,
                                                   ML-optimized integration grids
   S Lehtola, MJT Oliveira, MAL Marques          : LibXC Library
   Liviu Ungur et al                             : ANISO software


 Your calculation uses the libint2 library for the computation of 2-el integrals
 For citations please refer to: http://libint.valeyev.net

 Your ORCA version has been built with support for libXC version: 5.1.0
 For citations please refer to: https://tddft.org/programs/libxc/

 This ORCA versions uses:
   CBLAS   interface :  Fast vector & matrix operations
   LAPACKE interface :  Fast linear algebra routines
   SCALAPACK package :  Parallel linear algebra routines
   Shared memory     :  Shared parallel matrices
   BLAS/LAPACK       :  OpenBLAS 0.3.19 NO_AFFINITY VORTEX SINGLE_THREADED
        Core in use  :  VORTEX
   Copyright (c) 2011-2014, The OpenBLAS Project


================================================================================

----- Orbital basis set information -----
Your calculation utilizes the basis: def2-SVP
   F. Weigend and R. Ahlrichs, Phys. Chem. Chem. Phys. 7, 3297 (2005).

----- AuxC basis set information -----
Your calculation utilizes the auxiliary basis: def2-SVP/C
  H-La, Hf-Rn : A. Hellweg, C. Hattig, S. Hofener and W. Klopper, Theor. Chem. Acc. 117, 587 (2007).
        Ce-Lu : J. Chmela and M. E. Harding, Mol. Phys. (2018).

================================================================================
                                        WARNINGS
                       Please study these warnings very carefully!
================================================================================


WARNING: No MP2 level density has been requested!
         To caclulate MP2 level properties use
         %mp2 Density relaxed end
         or
         %mp2 Density unrelaxed end

WARNING: Post HF methods need fully converged wavefunctions
  ===> : Setting SCFConvForced true
         You can overwrite this default with %scf ConvForced false 


INFO   : the flag for use of the SHARK integral package has been found!

================================================================================
                                       INPUT FILE
================================================================================
NAME = RI_MP2_water.inp
|  1> ! RI-MP2 def2-svp def2-svp/C
|  2> 
|  3> * xyz 0 1
|  4> O        0.000000    0.000000    0.117790
|  5> H        0.000000    0.755453   -0.471161
|  6> H        0.000000   -0.755453   -0.471161
|  7> *
|  8> 
|  9>                          ****END OF INPUT****
================================================================================

                       ****************************
                       * Single Point Calculation *
                       ****************************

---------------------------------
CARTESIAN COORDINATES (ANGSTROEM)
---------------------------------
  O      0.000000    0.000000    0.117790
  H      0.000000    0.755453   -0.471161
  H      0.000000   -0.755453   -0.471161

----------------------------
CARTESIAN COORDINATES (A.U.)
----------------------------
  NO LB      ZA    FRAG     MASS         X           Y           Z
   0 O     8.0000    0    15.999    0.000000    0.000000    0.222591
   1 H     1.0000    0     1.008    0.000000    1.427599   -0.890365
   2 H     1.0000    0     1.008    0.000000   -1.427599   -0.890365

--------------------------------
INTERNAL COORDINATES (ANGSTROEM)
--------------------------------
 O      0   0   0     0.000000000000     0.00000000     0.00000000
 H      1   0   0     0.957900055126     0.00000000     0.00000000
 H      1   2   0     0.957900055126   104.12005703     0.00000000

---------------------------
INTERNAL COORDINATES (A.U.)
---------------------------
 O      0   0   0     0.000000000000     0.00000000     0.00000000
 H      1   0   0     1.810168767856     0.00000000     0.00000000
 H      1   2   0     1.810168767856   104.12005703     0.00000000

---------------------
BASIS SET INFORMATION
---------------------
There are 2 groups of distinct atoms

 Group   1 Type O   : 7s4p1d contracted to 3s2p1d pattern {511/31/1}
 Group   2 Type H   : 4s1p contracted to 2s1p pattern {31/1}

Atom   0O    basis set group =>   1
Atom   1H    basis set group =>   2
Atom   2H    basis set group =>   2
---------------------------------
AUXILIARY/C BASIS SET INFORMATION
---------------------------------
There are 2 groups of distinct atoms

 Group   1 Type O   : 8s6p5d3f contracted to 6s5p4d1f pattern {311111/21111/2111/3}
 Group   2 Type H   : 4s3p2d contracted to 3s2p1d pattern {211/21/2}

Atom   0O    basis set group =>   1
Atom   1H    basis set group =>   2
Atom   2H    basis set group =>   2
------------------------------------------------------------------------------
                           ORCA GTO INTEGRAL CALCULATION
------------------------------------------------------------------------------
------------------------------------------------------------------------------
                   ___                                                        
                  /   \      - P O W E R E D   B Y -                         
                 /     \                                                     
                 |  |  |   _    _      __       _____    __    __             
                 |  |  |  | |  | |    /  \     |  _  \  |  |  /  |          
                  \  \/   | |  | |   /    \    | | | |  |  | /  /          
                 / \  \   | |__| |  /  /\  \   | |_| |  |  |/  /          
                |  |  |   |  __  | /  /__\  \  |    /   |      \           
                |  |  |   | |  | | |   __   |  |    \   |  |\   \          
                \     /   | |  | | |  |  |  |  | |\  \  |  | \   \       
                 \___/    |_|  |_| |__|  |__|  |_| \__\ |__|  \__/        
                                                                              
                      - O R C A' S   B I G   F R I E N D -                    
                                      &                                       
                       - I N T E G R A L  F E E D E R -                       
                                                                              
 v1 FN, 2020, v2 2021                                                         
------------------------------------------------------------------------------


Reading SHARK input file RI_MP2_water.SHARKINP.tmp ... ok
----------------------
SHARK INTEGRAL PACKAGE
----------------------

Number of atoms                             ...      3
Number of basis functions                   ...     24
Number of shells                            ...     12
Maximum angular momentum                    ...      2
Integral batch strategy                     ... SHARK/LIBINT Hybrid
RI-J (if used) integral strategy            ... SPLIT-RIJ (Revised 2003 algorithm where possible)
Printlevel                                  ...      1
Contraction scheme used                     ... SEGMENTED contraction
Coulomb Range Separation                    ... NOT USED
Exchange Range Separation                   ... NOT USED
Finite Nucleus Model                        ... NOT USED
Auxiliary Coulomb fitting basis             ... NOT available
Auxiliary J/K fitting basis                 ... NOT available
Auxiliary Correlation fitting basis         ... AVAILABLE
   # of basis functions in Aux-C            ...     76
   # of shells in Aux-C                     ...     28
   Maximum angular momentum in Aux-C        ...      3
Auxiliary 'external' fitting basis          ... NOT available
Integral threshold                          ...     1.000000e-10
Primitive cut-off                           ...     1.000000e-11
Primitive pair pre-selection threshold      ...     1.000000e-11

Calculating pre-screening integrals         ... done (  0.0 sec) Dimension = 12
Organizing shell pair data                  ... done (  0.0 sec)
Shell pair information
Total number of shell pairs                 ...        78
Shell pairs after pre-screening             ...        78
Total number of primitive shell pairs       ...       272
Primitive shell pairs kept                  ...       265
          la=0 lb=0:     28 shell pairs
          la=1 lb=0:     28 shell pairs
          la=1 lb=1:     10 shell pairs
          la=2 lb=0:      7 shell pairs
          la=2 lb=1:      4 shell pairs
          la=2 lb=2:      1 shell pairs

Calculating one electron integrals          ... done (  0.0 sec)
Calculating RI/C V-Matrix + Cholesky decomp.... done (  0.0 sec)
Calculating Nuclear repulsion               ... done (  0.0 sec) ENN=      9.189193183813 Eh

SHARK setup successfully completed in   0.0 seconds

Maximum memory used throughout the entire GTOINT-calculation: 7.4 MB
-------------------------------------------------------------------------------
                                 ORCA SCF
-------------------------------------------------------------------------------

------------
SCF SETTINGS
------------
Hamiltonian:
 Ab initio Hamiltonian  Method          .... Hartree-Fock(GTOs)


General Settings:
 Integral files         IntName         .... RI_MP2_water
 Hartree-Fock type      HFTyp           .... RHF
 Total Charge           Charge          ....    0
 Multiplicity           Mult            ....    1
 Number of Electrons    NEL             ....   10
 Basis Dimension        Dim             ....   24
 Nuclear Repulsion      ENuc            ....      9.1891931838 Eh

Convergence Acceleration:
 DIIS                   CNVDIIS         .... on
   Start iteration      DIISMaxIt       ....    12
   Startup error        DIISStart       ....  0.200000
   # of expansion vecs  DIISMaxEq       ....     5
   Bias factor          DIISBfac        ....   1.050
   Max. coefficient     DIISMaxC        ....  10.000
 Trust-Rad. Augm. Hess. CNVTRAH         .... auto
   Auto Start mean grad. ratio tolernc. ....  1.125000
   Auto Start start iteration           ....    20
   Auto Start num. interpolation iter.  ....    10
   Max. Number of Micro iterations      ....    16
   Max. Number of Macro iterations      .... Maxiter - #DIIS iter
   Number of Davidson start vectors     ....     2
   Converg. threshold I  (grad. norm)   ....   5.000e-05
   Converg. threshold II (energy diff.) ....   1.000e-06
   Grad. Scal. Fac. for Micro threshold ....   0.100
   Minimum threshold for Micro iter.    ....   0.010
   NR start threshold (gradient norm)   ....   0.001
   Initial trust radius                 ....   0.400
   Minimum AH scaling param. (alpha)    ....   1.000
   Maximum AH scaling param. (alpha)    .... 1000.000
   Orbital update algorithm             .... Taylor
   White noise on init. David. guess    .... on
   Maximum white noise                  ....   0.010
   Quad. conv. algorithm                .... NR
 SOSCF                  CNVSOSCF        .... on
   Start iteration      SOSCFMaxIt      ....   150
   Startup grad/error   SOSCFStart      ....  0.003300
 Level Shifting         CNVShift        .... on
   Level shift para.    LevelShift      ....    0.2500
   Turn off err/grad.   ShiftErr        ....    0.0010
 Zerner damping         CNVZerner       .... off
 Static damping         CNVDamp         .... on
   Fraction old density DampFac         ....    0.7000
   Max. Damping (<1)    DampMax         ....    0.9800
   Min. Damping (>=0)   DampMin         ....    0.0000
   Turn off err/grad.   DampErr         ....    0.1000
 Fernandez-Rico         CNVRico         .... off

SCF Procedure:
 Maximum # iterations   MaxIter         ....   125
 SCF integral mode      SCFMode         .... Direct
   Integral package                     .... SHARK and LIBINT hybrid scheme
 Reset frequency        DirectResetFreq ....    20
 Integral Threshold     Thresh          ....  1.000e-10 Eh
 Primitive CutOff       TCut            ....  1.000e-11 Eh

Convergence Tolerance:
 Convergence Check Mode ConvCheckMode   .... Total+1el-Energy
 Convergence forced     ConvForced      .... 1
 Energy Change          TolE            ....  1.000e-06 Eh
 1-El. energy change                    ....  1.000e-03 Eh
 Orbital Gradient       TolG            ....  5.000e-05
 Orbital Rotation angle TolX            ....  5.000e-05
 DIIS Error             TolErr          ....  1.000e-06


Diagonalization of the overlap matrix:
Smallest eigenvalue                        ... 3.750e-02
Time for diagonalization                   ...    0.000 sec
Threshold for overlap eigenvalues          ... 1.000e-08
Number of eigenvalues below threshold      ... 0
Time for construction of square roots      ...    0.000 sec
Total time needed                          ...    0.001 sec

Time for model grid setup =    0.005 sec

------------------------------
INITIAL GUESS: MODEL POTENTIAL
------------------------------
Loading Hartree-Fock densities                     ... done
Calculating cut-offs                               ... done
Initializing the effective Hamiltonian             ... done
Setting up the integral package (SHARK)            ... done
Starting the Coulomb interaction                   ... done (   0.0 sec)
Reading the grid                                   ... done
Mapping shells                                     ... done
Starting the XC term evaluation                    ... done (   0.0 sec)
Transforming the Hamiltonian                       ... done (   0.0 sec)
Diagonalizing the Hamiltonian                      ... done (   0.0 sec)
Back transforming the eigenvectors                 ... done (   0.0 sec)
Now organizing SCF variables                       ... done
                      ------------------
                      INITIAL GUESS DONE (   0.0 sec)
                      ------------------
--------------
SCF ITERATIONS
--------------
ITER       Energy         Delta-E        Max-DP      RMS-DP      [F,P]     Damp
               ***  Starting incremental Fock matrix formation  ***
  0    -75.8682222905   0.000000000000 0.06503434  0.00638888  0.3141999 0.7000
  1    -75.9046033463  -0.036381055761 0.04493538  0.00431569  0.1907229 0.7000
                               ***Turning on DIIS***
  2    -75.9240327668  -0.019429420472 0.02659098  0.00236821  0.1066174 0.7000
  3    -76.0914585082  -0.167425741485 0.04326621  0.00323116  0.0596548 0.0000
  4    -75.9420521759   0.149406332349 0.00897159  0.00070397  0.0135497 0.0000
                      *** Initiating the SOSCF procedure ***
                           *** Shutting down DIIS ***
                      *** Re-Reading the Fockian *** 
                      *** Removing any level shift *** 
ITER      Energy       Delta-E        Grad      Rot      Max-DP    RMS-DP
  5    -75.96308430  -0.0210321228  0.001340  0.001340  0.001983  0.000206
               *** Restarting incremental Fock matrix formation ***
  6    -75.96096722   0.0021170797  0.000513  0.000689  0.000722  0.000086
  7    -75.96096939  -0.0000021712  0.000271  0.000476  0.000673  0.000062
                 **** Energy Check signals convergence ****
              ***Rediagonalizing the Fockian in SOSCF/NRSCF***

               *****************************************************
               *                     SUCCESS                       *
               *           SCF CONVERGED AFTER   8 CYCLES          *
               *****************************************************


----------------
TOTAL SCF ENERGY
----------------

Total Energy       :          -75.96096982 Eh           -2067.00307 eV

Components:
Nuclear Repulsion  :            9.18919318 Eh             250.05066 eV
Electronic Energy  :          -85.15016301 Eh           -2317.05373 eV
One Electron Energy:         -123.03083658 Eh           -3347.83926 eV
Two Electron Energy:           37.88067358 Eh            1030.78553 eV

Virial components:
Potential Energy   :         -151.73179244 Eh           -4128.83198 eV
Kinetic Energy     :           75.77082262 Eh            2061.82890 eV
Virial Ratio       :            2.00250950


---------------
SCF CONVERGENCE
---------------

  Last Energy change         ...   -4.3154e-07  Tolerance :   1.0000e-06
  Last MAX-Density change    ...    9.8632e-05  Tolerance :   1.0000e-05
  Last RMS-Density change    ...    7.9536e-06  Tolerance :   1.0000e-06
  Last Orbital Gradient      ...    7.3450e-05  Tolerance :   5.0000e-05
  Last Orbital Rotation      ...    3.8890e-05  Tolerance :   5.0000e-05

             **** THE GBW FILE WAS UPDATED (RI_MP2_water.gbw) ****
             **** DENSITY RI_MP2_water.scfp WAS UPDATED ****
             **** ENERGY FILE WAS UPDATED (RI_MP2_water.en.tmp) ****
             **** THE GBW FILE WAS UPDATED (RI_MP2_water.gbw) ****
             **** DENSITY RI_MP2_water.scfp WAS UPDATED ****
----------------
ORBITAL ENERGIES
----------------

  NO   OCC          E(Eh)            E(eV) 
   0   2.0000     -20.545910      -559.0826 
   1   2.0000      -1.318872       -35.8883 
   2   2.0000      -0.702511       -19.1163 
   3   2.0000      -0.568832       -15.4787 
   4   2.0000      -0.498145       -13.5552 
   5   0.0000       0.176061         4.7909 
   6   0.0000       0.255307         6.9472 
   7   0.0000       0.792981        21.5781 
   8   0.0000       0.870256        23.6809 
   9   0.0000       1.184817        32.2405 
  10   0.0000       1.201865        32.7044 
  11   0.0000       1.269654        34.5490 
  12   0.0000       1.341047        36.4917 
  13   0.0000       1.598626        43.5008 
  14   0.0000       1.658830        45.1391 
  15   0.0000       1.806449        49.1560 
  16   0.0000       2.062368        56.1199 
  17   0.0000       2.561331        69.6974 
  18   0.0000       2.602496        70.8175 
  19   0.0000       3.328958        90.5855 
  20   0.0000       3.383336        92.0653 
  21   0.0000       3.572868        97.2227 
  22   0.0000       3.899276       106.1047 
  23   0.0000       4.235684       115.2588 

                    ********************************
                    * MULLIKEN POPULATION ANALYSIS *
                    ********************************

-----------------------
MULLIKEN ATOMIC CHARGES
-----------------------
   0 O :   -0.346564
   1 H :    0.173282
   2 H :    0.173282
Sum of atomic charges:   -0.0000000

--------------------------------
MULLIKEN REDUCED ORBITAL CHARGES
--------------------------------
  0 O s       :     3.683825  s :     3.683825
      pz      :     1.525108  p :     4.650752
      px      :     1.960538
      py      :     1.165106
      dz2     :     0.001394  d :     0.011987
      dxz     :     0.001092
      dyz     :     0.008657
      dx2y2   :     0.000844
      dxy     :     0.000000
  1 H s       :     0.751637  s :     0.751637
      pz      :     0.023001  p :     0.075081
      px      :     0.019185
      py      :     0.032895
  2 H s       :     0.751637  s :     0.751637
      pz      :     0.023001  p :     0.075081
      px      :     0.019185
      py      :     0.032895


                     *******************************
                     * LOEWDIN POPULATION ANALYSIS *
                     *******************************

----------------------
LOEWDIN ATOMIC CHARGES
----------------------
   0 O :   -0.156089
   1 H :    0.078044
   2 H :    0.078044

-------------------------------
LOEWDIN REDUCED ORBITAL CHARGES
-------------------------------
  0 O s       :     3.422834  s :     3.422834
      pz      :     1.585929  p :     4.711639
      px      :     1.889517
      py      :     1.236192
      dz2     :     0.000782  d :     0.021616
      dxz     :     0.000279
      dyz     :     0.016949
      dx2y2   :     0.003607
      dxy     :     0.000000
  1 H s       :     0.738782  s :     0.738782
      pz      :     0.062919  p :     0.183174
      px      :     0.055102
      py      :     0.065153
  2 H s       :     0.738782  s :     0.738782
      pz      :     0.062919  p :     0.183174
      px      :     0.055102
      py      :     0.065153


                      *****************************
                      * MAYER POPULATION ANALYSIS *
                      *****************************

  NA   - Mulliken gross atomic population
  ZA   - Total nuclear charge
  QA   - Mulliken gross atomic charge
  VA   - Mayer's total valence
  BVA  - Mayer's bonded valence
  FA   - Mayer's free valence

  ATOM       NA         ZA         QA         VA         BVA        FA
  0 O      8.3466     8.0000    -0.3466     1.9949     1.9949    -0.0000
  1 H      0.8267     1.0000     0.1733     1.0040     1.0040    -0.0000
  2 H      0.8267     1.0000     0.1733     1.0040     1.0040    -0.0000

  Mayer bond orders larger than 0.100000
B(  0-O ,  1-H ) :   0.9974 B(  0-O ,  2-H ) :   0.9974 

-------
TIMINGS
-------

Total SCF time: 0 days 0 hours 0 min 0 sec 

Total time                  ....       0.075 sec
Sum of individual times     ....       0.027 sec  ( 36.0%)

Fock matrix formation       ....       0.017 sec  ( 22.8%)
Diagonalization             ....       0.000 sec  (  0.5%)
Density matrix formation    ....       0.000 sec  (  0.0%)
Population analysis         ....       0.001 sec  (  1.1%)
Initial guess               ....       0.003 sec  (  3.8%)
Orbital Transformation      ....       0.000 sec  (  0.0%)
Orbital Orthonormalization  ....       0.000 sec  (  0.0%)
DIIS solution               ....       0.000 sec  (  0.5%)
SOSCF solution              ....       0.000 sec  (  0.3%)

Maximum memory used throughout the entire SCF-calculation: 225.1 MB

------------------------------------------------------------------------------
                                ORCA  MP2 
------------------------------------------------------------------------------

Freezing NCore=2 chemical core electrons

-------------
RI-MP2 ENERGY
-------------
Dimension of the basis                    ...   24
Memory devoted to MP2                     ...  256 MB   
Data format for buffers                   ... DOUBLE
Compression type for matrix containers    ... UNCOMPRESSED
Overall scaling of the MP2 energy         ...   1.000e+00
Calculating two index integrals           ... done (    0.000 sec)
Cholesky decomposition of V**-1           ... done (    0.000 sec)

-----------------
RI-TRANSFORMATION (AUX index driven)
-----------------

Dimension of the orbital-basis         ... 24
Dimension of the aux-basis             ... 76
Transformation of internal/external MOs...    1-   4 to    5-  23
Number Format for Storage              ... Double (8 Byte)
Integral mode                          ... Direct

First Phase: integral generation and transformation of MO indices
  Aux angular momentum 0               ... done (    0.000 sec)
  Aux angular momentum 1               ... done (    0.000 sec)
  Aux angular momentum 2               ... done (    0.000 sec)
  Aux angular momentum 3               ... done (    0.000 sec)
Closing buffer VIA ( 0.00 GB; CompressionRatio= 0.98)
  Phase 1 completed in     0.033 sec
Second Phase: sorting and transformation of aux index

IA-Transformation
Memory available                       ... 217 MB 
Max. # MO pairs treated in a batch     ... 4    
# of internal orbitals                 ... 4
# batches for internal orbitals        ... 1
Closing buffer IAV ( 0.00 GB; CompressionRatio= 1.00)
(ia|v) transformation done in     0.000 sec

  Phase 2 completed in     0.001 sec
RI-Integral transformation completed in     0.034 sec
Opening buffers                              ... done

Starting loop over batches of integrals:

Operator 0  - window                       ... (  1-  4)x(  5- 23)
Operator 0  - Memory available             ...   256 MB
Operator 0  - Memory needed per MO         ...   0.0 MB
Operator 0  - Number of orbitals per batch ... 4
Operator 0  - Number of batches            ... 1

OPERATOR  0   PASS   0:  MOs     1 ...    4
  Reading integrals       ... ok
  Internal MO   3
Time spent in pair loops =     0.000 sec
Deleting buffer (Ka|jb)[aa] ...done

-----------------------------------------------
 RI-MP2 CORRELATION ENERGY:     -0.201100006 Eh
-----------------------------------------------


-------
TIMINGS
-------

Total time                :    0.040 sec
Integral trafo            :    0.039 sec ( 97.1%)
I/O of integrals          :    0.000 sec (  0.1%)
K(i,j) Operators          :    0.000 sec (  0.1%)
T(i,j) pair energies      :    0.000 sec (  0.0%)
V-calculation             :    0.000 sec (  0.4%)
V**(-1/2)                 :    0.000 sec (  1.0%)
Gamma(ia|P)               :    0.000 sec (  0.0%)
Gamma-Trafo               :    0.000 sec (  0.0%)
D(virtual)                :    0.000 sec (  0.0%)
D(internal)               :    0.000 sec (  0.0%)
W(virtual)                :    0.000 sec (  0.0%)
W(internal)               :    0.000 sec (  0.0%)
L(virtual)                :    0.000 sec (  0.0%)
L(internal)               :    0.000 sec (  0.0%)
G(D)                      :    0.000 sec (  0.0%)
G(Z)                      :    0.000 sec (  0.0%)
Z-Vector Solution         :    0.000 sec (  0.0%)
3-Index Derivative        :    0.000 sec (  0.0%)
2-Index Derivative        :    0.000 sec (  0.0%)
Separable Gradient        :    0.000 sec (  0.0%)


---------------------------------------
MP2 TOTAL ENERGY:      -76.162069828 Eh
---------------------------------------

Maximum memory used throughout the entire MP2-calculation: 77.8 MB

-------------------------   --------------------
FINAL SINGLE POINT ENERGY       -76.162069827649
-------------------------   --------------------


                            ***************************************
                            *     ORCA property calculations      *
                            ***************************************


  WARNING: The energy has been calculated at the MP2 level but the densities
           used in the property calculations are still SCF densities
           MP2 response densities have not been calculated 
           use %mp2 Density relaxed end
           or  %mp2 Density unrelaxed end

                                    ---------------------
                                    Active property flags
                                    ---------------------
   (+) Dipole Moment


------------------------------------------------------------------------------
                       ORCA ELECTRIC PROPERTIES CALCULATION
------------------------------------------------------------------------------

Dipole Moment Calculation                       ... on
Quadrupole Moment Calculation                   ... off
Polarizability Calculation                      ... off
GBWName                                         ... RI_MP2_water.gbw
Electron density                                ... RI_MP2_water.scfp
The origin for moment calculation is the CENTER OF MASS  = ( 0.000000,  0.000000  0.098044)

-------------
DIPOLE MOMENT
-------------
                                X             Y             Z
Electronic contribution:      0.00000      -0.00000       0.13891
Nuclear contribution   :      0.00000       0.00000      -0.98044
                        -----------------------------------------
Total Dipole Moment    :      0.00000      -0.00000      -0.84153
                        -----------------------------------------
Magnitude (a.u.)       :      0.84153
Magnitude (Debye)      :      2.13900



--------------------
Rotational spectrum 
--------------------
 
Rotational constants in cm-1:    27.144977    14.651817     9.515640 
Rotational constants in MHz : 813785.930683 439250.410284 285271.697436 

 Dipole components along the rotational axes: 
x,y,z [a.u.] :    -0.000000    -0.841530     0.000000 
x,y,z [Debye]:    -0.000000    -2.138999     0.000000 

 

Timings for individual modules:

Sum of individual times         ...        0.751 sec (=   0.013 min)
GTO integral calculation        ...        0.143 sec (=   0.002 min)  19.1 %
SCF iterations                  ...        0.172 sec (=   0.003 min)  23.0 %
MP2 module                      ...        0.435 sec (=   0.007 min)  58.0 %
                             ****ORCA TERMINATED NORMALLY****
TOTAL RUN TIME: 0 days 0 hours 0 minutes 0 seconds 885 msec
